\BOOKMARK [0][-]{chapter*.2}{\376\377\000L\000E\000M\000B\000A\000R\000\040\000P\000E\000N\000G\000E\000S\000A\000H\000A\000N}{}% 1
\BOOKMARK [0][-]{chapter*.3}{\376\377\000L\000E\000M\000B\000A\000R\000\040\000P\000E\000R\000N\000Y\000A\000T\000A\000A\000N}{}% 2
\BOOKMARK [0][-]{chapter*.4}{\376\377\000A\000B\000S\000T\000R\000A\000K}{}% 3
\BOOKMARK [0][-]{chapter*.5}{\376\377\000K\000A\000T\000A\000\040\000P\000E\000N\000G\000A\000N\000T\000A\000R}{}% 4
\BOOKMARK [0][-]{chapter*.5}{\376\377\000D\000A\000F\000T\000A\000R\000\040\000I\000S\000I}{}% 5
\BOOKMARK [0][-]{chapter*.5}{\376\377\000D\000A\000F\000T\000A\000R\000\040\000G\000A\000M\000B\000A\000R}{}% 6
\BOOKMARK [0][-]{chapter*.5}{\376\377\000D\000A\000F\000T\000A\000R\000\040\000T\000A\000B\000E\000L}{}% 7
\BOOKMARK [0][-]{chapter*.6}{\376\377\000D\000A\000F\000T\000A\000R\000\040\000A\000L\000G\000O\000R\000I\000T\000M\000A}{}% 8
\BOOKMARK [0][-]{chapter*.7}{\376\377\000D\000A\000F\000T\000A\000R\000\040\000K\000O\000D\000E\000\040\000P\000R\000O\000G\000R\000A\000M}{}% 9
\BOOKMARK [0][-]{chapter*.7}{\376\377\000D\000A\000F\000T\000A\000R\000\040\000S\000I\000N\000G\000K\000A\000T\000A\000N}{}% 10
\BOOKMARK [0][-]{table.0.1}{\376\377\000D\000A\000F\000T\000A\000R\000\040\000S\000I\000M\000B\000O\000L}{}% 11
\BOOKMARK [0][-]{chapter.1}{\376\377\000P\000E\000N\000D\000A\000H\000U\000L\000U\000A\000N}{}% 12
\BOOKMARK [1][-]{section.1.1}{\376\377\000L\000a\000t\000a\000r\000\040\000B\000e\000l\000a\000k\000a\000n\000g}{chapter.1}% 13
\BOOKMARK [1][-]{section.1.2}{\376\377\000R\000u\000m\000u\000s\000a\000n\000\040\000M\000a\000s\000a\000l\000a\000h}{chapter.1}% 14
\BOOKMARK [1][-]{section.1.3}{\376\377\000T\000u\000j\000u\000a\000n}{chapter.1}% 15
\BOOKMARK [1][-]{section.1.4}{\376\377\000B\000a\000t\000a\000s\000a\000n\000\040\000M\000a\000s\000a\000l\000a\000h}{chapter.1}% 16
\BOOKMARK [1][-]{section.1.5}{\376\377\000M\000e\000t\000o\000d\000o\000l\000o\000g\000i}{chapter.1}% 17
\BOOKMARK [1][-]{section.1.6}{\376\377\000S\000i\000s\000t\000e\000m\000a\000t\000i\000k\000a\000\040\000P\000e\000n\000u\000l\000i\000s\000a\000n}{chapter.1}% 18
\BOOKMARK [0][-]{chapter.2}{\376\377\000S\000T\000U\000D\000I\000\040\000L\000I\000T\000E\000R\000A\000T\000U\000R}{}% 19
\BOOKMARK [1][-]{section.2.1}{\376\377\000T\000e\000n\000t\000a\000n\000g\000\040\000S\000t\000u\000d\000i\000\040\000L\000i\000t\000e\000r\000a\000t\000u\000r}{chapter.2}% 20
\BOOKMARK [1][-]{section.2.2}{\376\377\000F\000o\000r\000m\000a\000t\000\040\000P\000e\000n\000u\000l\000i\000s\000a\000n\000\040\000G\000a\000m\000b\000a\000r\000,\000\040\000T\000a\000b\000e\000l\000,\000\040\000R\000u\000m\000u\000s\000,\000\040\000d\000a\000n\000\040\000K\000o\000d\000e\000\040\000P\000r\000o\000g\000r\000a\000m}{chapter.2}% 21
\BOOKMARK [2][-]{subsection.2.2.1}{\376\377\000P\000e\000n\000u\000l\000i\000s\000a\000n\000\040\000G\000a\000m\000b\000a\000r}{section.2.2}% 22
\BOOKMARK [2][-]{subsection.2.2.2}{\376\377\000P\000e\000n\000u\000l\000i\000s\000a\000n\000\040\000T\000a\000b\000e\000l}{section.2.2}% 23
\BOOKMARK [3][-]{subsubsection.2.2.2.1}{\376\377\000P\000e\000n\000u\000l\000i\000s\000a\000n\000\040\000T\000a\000b\000e\000l\000\040\000P\000e\000n\000d\000e\000k}{subsection.2.2.2}% 24
